<?php return array (
  0 => 'Symfony\\Bundle\\FrameworkBundle\\Controller\\AbstractController',
  1 => 'App\\Controller\\AboutController',
  2 => 'App\\Controller\\Admin\\AboutCrudController',
  3 => 'App\\Controller\\Admin\\AccountingCrudController',
  4 => 'App\\Controller\\Admin\\AgendaCrudController',
  5 => 'App\\Controller\\Admin\\ArticleCrudController',
  6 => 'App\\Controller\\Admin\\CategoryCrudController',
  7 => 'App\\Controller\\Admin\\ContactCrudController',
  8 => 'App\\Controller\\Admin\\CustomerCreditCrudController',
  9 => 'App\\Controller\\Admin\\DashboardController',
  10 => 'App\\Controller\\Admin\\DebtCrudController',
  11 => 'App\\Controller\\Admin\\ExpenseCrudController',
  12 => 'App\\Controller\\Admin\\GalleryCrudController',
  13 => 'App\\Controller\\Admin\\HomepageCrudController',
  14 => 'App\\Controller\\Admin\\IncomeCrudController',
  15 => 'App\\Controller\\Admin\\InventoriCrudController',
  16 => 'App\\Controller\\Admin\\InvoiceCrudController',
  17 => 'App\\Controller\\Admin\\PhonebookCrudController',
  18 => 'App\\Controller\\Admin\\ProjectCrudController',
  19 => 'App\\Controller\\Admin\\PurchaseCrudController',
  20 => 'App\\Controller\\Admin\\ServicesCrudController',
  21 => 'App\\Controller\\Admin\\ShippingCrudController',
  22 => 'App\\Controller\\Admin\\UserCrudController',
  23 => 'App\\Controller\\Admin\\UsersCrudController',
  24 => 'App\\Controller\\Admin\\VideoCrudController',
  25 => 'App\\Controller\\ArticleController',
  26 => 'App\\Controller\\ContactController',
  27 => 'App\\Controller\\GalleryController',
  28 => 'App\\Controller\\HomepageController',
  29 => 'App\\Controller\\RegisterController',
  30 => 'App\\Controller\\SecurityController',
  31 => 'App\\Controller\\ServicesController',
  32 => 'App\\Controller\\VideoController',
  33 => 'App\\Controller\\WelcomeController',
  34 => 'App\\Entity\\About',
  35 => 'App\\Entity\\Accounting',
  36 => 'App\\Entity\\Agenda',
  37 => 'App\\Entity\\Article',
  38 => 'App\\Entity\\Category',
  39 => 'App\\Entity\\Contact',
  40 => 'App\\Entity\\CustomerCredit',
  41 => 'App\\Entity\\Debt',
  42 => 'App\\Entity\\Expense',
  43 => 'App\\Entity\\Gallery',
  44 => 'App\\Entity\\Homepage',
  45 => 'App\\Entity\\Income',
  46 => 'App\\Entity\\Inventori',
  47 => 'App\\Entity\\Invoice',
  48 => 'App\\Entity\\Phonebook',
  49 => 'App\\Entity\\Project',
  50 => 'App\\Entity\\Purchase',
  51 => 'App\\Entity\\Services',
  52 => 'App\\Entity\\Shipping',
  53 => 'App\\Entity\\User',
  54 => 'App\\Entity\\Video',
  55 => 'Doctrine\\Bundle\\DoctrineBundle\\Controller\\ProfilerController',
  56 => 'Doctrine\\ORM\\Cache\\Persister\\Entity\\AbstractEntityPersister',
  57 => 'Doctrine\\ORM\\Cache\\Persister\\Entity\\CachedEntityPersister',
  58 => 'Doctrine\\ORM\\Cache\\Persister\\Entity\\NonStrictReadWriteCachedEntityPersister',
  59 => 'Doctrine\\ORM\\Cache\\Persister\\Entity\\ReadOnlyCachedEntityPersister',
  60 => 'Doctrine\\ORM\\Cache\\Persister\\Entity\\ReadWriteCachedEntityPersister',
  61 => 'Doctrine\\ORM\\Persisters\\Entity\\AbstractEntityInheritancePersister',
  62 => 'Doctrine\\ORM\\Persisters\\Entity\\BasicEntityPersister',
  63 => 'Doctrine\\ORM\\Persisters\\Entity\\CachedPersisterContext',
  64 => 'Doctrine\\ORM\\Persisters\\Entity\\EntityPersister',
  65 => 'Doctrine\\ORM\\Persisters\\Entity\\JoinedSubclassPersister',
  66 => 'Doctrine\\ORM\\Persisters\\Entity\\SingleTablePersister',
  67 => 'EasyCorp\\Bundle\\EasyAdminBundle\\Contracts\\Controller\\CrudControllerInterface',
  68 => 'EasyCorp\\Bundle\\EasyAdminBundle\\Contracts\\Controller\\DashboardControllerInterface',
  69 => 'EasyCorp\\Bundle\\EasyAdminBundle\\Controller\\AbstractCrudController',
  70 => 'EasyCorp\\Bundle\\EasyAdminBundle\\Controller\\AbstractDashboardController',
  71 => 'EasyCorp\\Bundle\\EasyAdminBundle\\Controller\\EasyAdminController',
  73 => 'Symfony\\Bundle\\FrameworkBundle\\Controller\\ControllerResolver',
  74 => 'Symfony\\Bundle\\FrameworkBundle\\Controller\\RedirectController',
  75 => 'Symfony\\Bundle\\FrameworkBundle\\Controller\\TemplateController',
  76 => 'Symfony\\Bundle\\WebProfilerBundle\\Controller\\ExceptionPanelController',
  77 => 'Symfony\\Bundle\\WebProfilerBundle\\Controller\\ProfilerController',
  78 => 'Symfony\\Bundle\\WebProfilerBundle\\Controller\\RouterController',
  79 => 'Symfony\\Component\\HttpKernel\\Controller\\ArgumentResolver',
  80 => 'Symfony\\Component\\HttpKernel\\Controller\\ArgumentResolverInterface',
  81 => 'Symfony\\Component\\HttpKernel\\Controller\\ArgumentResolver\\DefaultValueResolver',
  82 => 'Symfony\\Component\\HttpKernel\\Controller\\ArgumentResolver\\NotTaggedControllerValueResolver',
  83 => 'Symfony\\Component\\HttpKernel\\Controller\\ArgumentResolver\\RequestAttributeValueResolver',
  84 => 'Symfony\\Component\\HttpKernel\\Controller\\ArgumentResolver\\RequestValueResolver',
  85 => 'Symfony\\Component\\HttpKernel\\Controller\\ArgumentResolver\\ServiceValueResolver',
  86 => 'Symfony\\Component\\HttpKernel\\Controller\\ArgumentResolver\\SessionValueResolver',
  87 => 'Symfony\\Component\\HttpKernel\\Controller\\ArgumentResolver\\TraceableValueResolver',
  88 => 'Symfony\\Component\\HttpKernel\\Controller\\ArgumentResolver\\VariadicValueResolver',
  89 => 'Symfony\\Component\\HttpKernel\\Controller\\ArgumentValueResolverInterface',
  90 => 'Symfony\\Component\\HttpKernel\\Controller\\ContainerControllerResolver',
  91 => 'Symfony\\Component\\HttpKernel\\Controller\\ControllerReference',
  92 => 'Symfony\\Component\\HttpKernel\\Controller\\ControllerResolver',
  93 => 'Symfony\\Component\\HttpKernel\\Controller\\ControllerResolverInterface',
  94 => 'Symfony\\Component\\HttpKernel\\Controller\\ErrorController',
  95 => 'Symfony\\Component\\HttpKernel\\Controller\\TraceableArgumentResolver',
  96 => 'Symfony\\Component\\HttpKernel\\Controller\\TraceableControllerResolver',
  97 => 'Symfony\\Component\\Security\\Http\\Controller\\UserValueResolver',
);